Archive member included to satisfy reference by file (symbol)

../Middlewares/ST/ARM/DSP/Lib/libarm_cortexM4lf_math.a(arm_sin_f32.o)
                              ./Core/Src/main.o (arm_sin_f32)
../Middlewares/ST/ARM/DSP/Lib/libarm_cortexM4lf_math.a(arm_common_tables.o)
                              ../Middlewares/ST/ARM/DSP/Lib/libarm_cortexM4lf_math.a(arm_sin_f32.o) (sinTable_f32)
/opt/st/stm32cubeide_1.13.1/plugins/com.st.stm32cube.ide.mcu.externaltools.gnu-tools-for-stm32.11.3.rel1.linux64_1.1.100.202309141235/tools/bin/../lib/gcc/arm-none-eabi/11.3.1/../../../../arm-none-eabi/lib/thumb/v7e-m+fp/hard/libc_nano.a(libc_a-exit.o)
                              /opt/st/stm32cubeide_1.13.1/plugins/com.st.stm32cube.ide.mcu.externaltools.gnu-tools-for-stm32.11.3.rel1.linux64_1.1.100.202309141235/tools/bin/../lib/gcc/arm-none-eabi/11.3.1/../../../../arm-none-eabi/lib/thumb/v7e-m+fp/hard/crt0.o (exit)
/opt/st/stm32cubeide_1.13.1/plugins/com.st.stm32cube.ide.mcu.externaltools.gnu-tools-for-stm32.11.3.rel1.linux64_1.1.100.202309141235/tools/bin/../lib/gcc/arm-none-eabi/11.3.1/../../../../arm-none-eabi/lib/thumb/v7e-m+fp/hard/libc_nano.a(libc_a-findfp.o)
                              /opt/st/stm32cubeide_1.13.1/plugins/com.st.stm32cube.ide.mcu.externaltools.gnu-tools-for-stm32.11.3.rel1.linux64_1.1.100.202309141235/tools/bin/../lib/gcc/arm-none-eabi/11.3.1/../../../../arm-none-eabi/lib/thumb/v7e-m+fp/hard/libc_nano.a(libc_a-exit.o) (__stdio_exit_handler)
/opt/st/stm32cubeide_1.13.1/plugins/com.st.stm32cube.ide.mcu.externaltools.gnu-tools-for-stm32.11.3.rel1.linux64_1.1.100.202309141235/tools/bin/../lib/gcc/arm-none-eabi/11.3.1/../../../../arm-none-eabi/lib/thumb/v7e-m+fp/hard/libc_nano.a(libc_a-fwalk.o)
                              /opt/st/stm32cubeide_1.13.1/plugins/com.st.stm32cube.ide.mcu.externaltools.gnu-tools-for-stm32.11.3.rel1.linux64_1.1.100.202309141235/tools/bin/../lib/gcc/arm-none-eabi/11.3.1/../../../../arm-none-eabi/lib/thumb/v7e-m+fp/hard/libc_nano.a(libc_a-findfp.o) (_fwalk_sglue)
/opt/st/stm32cubeide_1.13.1/plugins/com.st.stm32cube.ide.mcu.externaltools.gnu-tools-for-stm32.11.3.rel1.linux64_1.1.100.202309141235/tools/bin/../lib/gcc/arm-none-eabi/11.3.1/../../../../arm-none-eabi/lib/thumb/v7e-m+fp/hard/libc_nano.a(libc_a-stdio.o)
                              /opt/st/stm32cubeide_1.13.1/plugins/com.st.stm32cube.ide.mcu.externaltools.gnu-tools-for-stm32.11.3.rel1.linux64_1.1.100.202309141235/tools/bin/../lib/gcc/arm-none-eabi/11.3.1/../../../../arm-none-eabi/lib/thumb/v7e-m+fp/hard/libc_nano.a(libc_a-findfp.o) (__sread)
/opt/st/stm32cubeide_1.13.1/plugins/com.st.stm32cube.ide.mcu.externaltools.gnu-tools-for-stm32.11.3.rel1.linux64_1.1.100.202309141235/tools/bin/../lib/gcc/arm-none-eabi/11.3.1/../../../../arm-none-eabi/lib/thumb/v7e-m+fp/hard/libc_nano.a(libc_a-memset.o)
                              /opt/st/stm32cubeide_1.13.1/plugins/com.st.stm32cube.ide.mcu.externaltools.gnu-tools-for-stm32.11.3.rel1.linux64_1.1.100.202309141235/tools/bin/../lib/gcc/arm-none-eabi/11.3.1/../../../../arm-none-eabi/lib/thumb/v7e-m+fp/hard/crt0.o (memset)
/opt/st/stm32cubeide_1.13.1/plugins/com.st.stm32cube.ide.mcu.externaltools.gnu-tools-for-stm32.11.3.rel1.linux64_1.1.100.202309141235/tools/bin/../lib/gcc/arm-none-eabi/11.3.1/../../../../arm-none-eabi/lib/thumb/v7e-m+fp/hard/libc_nano.a(libc_a-closer.o)
                              /opt/st/stm32cubeide_1.13.1/plugins/com.st.stm32cube.ide.mcu.externaltools.gnu-tools-for-stm32.11.3.rel1.linux64_1.1.100.202309141235/tools/bin/../lib/gcc/arm-none-eabi/11.3.1/../../../../arm-none-eabi/lib/thumb/v7e-m+fp/hard/libc_nano.a(libc_a-stdio.o) (_close_r)
/opt/st/stm32cubeide_1.13.1/plugins/com.st.stm32cube.ide.mcu.externaltools.gnu-tools-for-stm32.11.3.rel1.linux64_1.1.100.202309141235/tools/bin/../lib/gcc/arm-none-eabi/11.3.1/../../../../arm-none-eabi/lib/thumb/v7e-m+fp/hard/libc_nano.a(libc_a-reent.o)
                              /opt/st/stm32cubeide_1.13.1/plugins/com.st.stm32cube.ide.mcu.externaltools.gnu-tools-for-stm32.11.3.rel1.linux64_1.1.100.202309141235/tools/bin/../lib/gcc/arm-none-eabi/11.3.1/../../../../arm-none-eabi/lib/thumb/v7e-m+fp/hard/libc_nano.a(libc_a-closer.o) (errno)
/opt/st/stm32cubeide_1.13.1/plugins/com.st.stm32cube.ide.mcu.externaltools.gnu-tools-for-stm32.11.3.rel1.linux64_1.1.100.202309141235/tools/bin/../lib/gcc/arm-none-eabi/11.3.1/../../../../arm-none-eabi/lib/thumb/v7e-m+fp/hard/libc_nano.a(libc_a-impure.o)
                              /opt/st/stm32cubeide_1.13.1/plugins/com.st.stm32cube.ide.mcu.externaltools.gnu-tools-for-stm32.11.3.rel1.linux64_1.1.100.202309141235/tools/bin/../lib/gcc/arm-none-eabi/11.3.1/../../../../arm-none-eabi/lib/thumb/v7e-m+fp/hard/libc_nano.a(libc_a-reent.o) (_impure_ptr)
[...]
Memory Configuration

Name             Origin             Length             Attributes
RAM              0x0000000020000000 0x0000000000010000 xrw
FLASH            0x0000000008000000 0x0000000000040000 xr
*default*        0x0000000000000000 0xffffffffffffffff

Linker script and memory map

LOAD /opt/st/stm32cubeide_1.13.1/plugins/com.st.stm32cube.ide.mcu.externaltools.gnu-tools-for-stm32.11.3.rel1.linux64_1.1.100.202309141235/tools/bin/../lib/gcc/arm-none-eabi/11.3.1/thumb/v7e-m+fp/hard/crti.o
LOAD /opt/st/stm32cubeide_1.13.1/plugins/com.st.stm32cube.ide.mcu.externaltools.gnu-tools-for-stm32.11.3.rel1.linux64_1.1.100.202309141235/tools/bin/../lib/gcc/arm-none-eabi/11.3.1/thumb/v7e-m+fp/hard/crtbegin.o
LOAD /opt/st/stm32cubeide_1.13.1/plugins/com.st.stm32cube.ide.mcu.externaltools.gnu-tools-for-stm32.11.3.rel1.linux64_1.1.100.202309141235/tools/bin/../lib/gcc/arm-none-eabi/11.3.1/../../../../arm-none-eabi/lib/thumb/v7e-m+fp/hard/crt0.o
LOAD ./Core/Src/main.o
LOAD ./Core/Src/stm32f4xx_hal_msp.o
LOAD ./Core/Src/stm32f4xx_it.o
LOAD ./Core/Src/syscalls.o
LOAD ./Core/Src/sysmem.o
LOAD ./Core/Src/system_stm32f4xx.o
LOAD ./Core/Startup/startup_stm32f401ccux.o
LOAD ./Drivers/STM32F4xx_HAL_Driver/Src/stm32f4xx_hal.o
LOAD ./Drivers/STM32F4xx_HAL_Driver/Src/stm32f4xx_hal_cortex.o
LOAD ./Drivers/STM32F4xx_HAL_Driver/Src/stm32f4xx_hal_dma.o
LOAD ./Drivers/STM32F4xx_HAL_Driver/Src/stm32f4xx_hal_dma_ex.o
LOAD ./Drivers/STM32F4xx_HAL_Driver/Src/stm32f4xx_hal_exti.o
LOAD ./Drivers/STM32F4xx_HAL_Driver/Src/stm32f4xx_hal_flash.o
LOAD ./Drivers/STM32F4xx_HAL_Driver/Src/stm32f4xx_hal_flash_ex.o
LOAD ./Drivers/STM32F4xx_HAL_Driver/Src/stm32f4xx_hal_flash_ramfunc.o
LOAD ./Drivers/STM32F4xx_HAL_Driver/Src/stm32f4xx_hal_gpio.o
LOAD ./Drivers/STM32F4xx_HAL_Driver/Src/stm32f4xx_hal_pwr.o
LOAD ./Drivers/STM32F4xx_HAL_Driver/Src/stm32f4xx_hal_pwr_ex.o
LOAD ./Drivers/STM32F4xx_HAL_Driver/Src/stm32f4xx_hal_rcc.o
LOAD ./Drivers/STM32F4xx_HAL_Driver/Src/stm32f4xx_hal_rcc_ex.o
LOAD ./Drivers/STM32F4xx_HAL_Driver/Src/stm32f4xx_hal_tim.o
LOAD ./Drivers/STM32F4xx_HAL_Driver/Src/stm32f4xx_hal_tim_ex.o
LOAD ../Middlewares/ST/ARM/DSP/Lib/libarm_cortexM4lf_math.a
START GROUP
LOAD /opt/st/stm32cubeide_1.13.1/plugins/com.st.stm32cube.ide.mcu.externaltools.gnu-tools-for-stm32.11.3.rel1.linux64_1.1.100.202309141235/tools/bin/../lib/gcc/arm-none-eabi/11.3.1/../../../../arm-none-eabi/lib/thumb/v7e-m+fp/hard/libc_nano.a
LOAD /opt/st/stm32cubeide_1.13.1/plugins/com.st.stm32cube.ide.mcu.externaltools.gnu-tools-for-stm32.11.3.rel1.linux64_1.1.100.202309141235/tools/bin/../lib/gcc/arm-none-eabi/11.3.1/../../../../arm-none-eabi/lib/thumb/v7e-m+fp/hard/libm.a
END GROUP
START GROUP
LOAD /opt/st/stm32cubeide_1.13.1/plugins/com.st.stm32cube.ide.mcu.externaltools.gnu-tools-for-stm32.11.3.rel1.linux64_1.1.100.202309141235/tools/bin/../lib/gcc/arm-none-eabi/11.3.1/thumb/v7e-m+fp/hard/libgcc.a
LOAD /opt/st/stm32cubeide_1.13.1/plugins/com.st.stm32cube.ide.mcu.externaltools.gnu-tools-for-stm32.11.3.rel1.linux64_1.1.100.202309141235/tools/bin/../lib/gcc/arm-none-eabi/11.3.1/../../../../arm-none-eabi/lib/thumb/v7e-m+fp/hard/libc_nano.a
END GROUP
START GROUP
LOAD /opt/st/stm32cubeide_1.13.1/plugins/com.st.stm32cube.ide.mcu.externaltools.gnu-tools-for-stm32.11.3.rel1.linux64_1.1.100.202309141235/tools/bin/../lib/gcc/arm-none-eabi/11.3.1/thumb/v7e-m+fp/hard/libgcc.a
LOAD /opt/st/stm32cubeide_1.13.1/plugins/com.st.stm32cube.ide.mcu.externaltools.gnu-tools-for-stm32.11.3.rel1.linux64_1.1.100.202309141235/tools/bin/../lib/gcc/arm-none-eabi/11.3.1/../../../../arm-none-eabi/lib/thumb/v7e-m+fp/hard/libc_nano.a
LOAD /opt/st/stm32cubeide_1.13.1/plugins/com.st.stm32cube.ide.mcu.externaltools.gnu-tools-for-stm32.11.3.rel1.linux64_1.1.100.202309141235/tools/bin/../lib/gcc/arm-none-eabi/11.3.1/../../../../arm-none-eabi/lib/thumb/v7e-m+fp/hard/libnosys.a
END GROUP
START GROUP
LOAD /opt/st/stm32cubeide_1.13.1/plugins/com.st.stm32cube.ide.mcu.externaltools.gnu-tools-for-stm32.11.3.rel1.linux64_1.1.100.202309141235/tools/bin/../lib/gcc/arm-none-eabi/11.3.1/thumb/v7e-m+fp/hard/libgcc.a
LOAD /opt/st/stm32cubeide_1.13.1/plugins/com.st.stm32cube.ide.mcu.externaltools.gnu-tools-for-stm32.11.3.rel1.linux64_1.1.100.202309141235/tools/bin/../lib/gcc/arm-none-eabi/11.3.1/../../../../arm-none-eabi/lib/thumb/v7e-m+fp/hard/libc_nano.a
LOAD /opt/st/stm32cubeide_1.13.1/plugins/com.st.stm32cube.ide.mcu.externaltools.gnu-tools-for-stm32.11.3.rel1.linux64_1.1.100.202309141235/tools/bin/../lib/gcc/arm-none-eabi/11.3.1/../../../../arm-none-eabi/lib/thumb/v7e-m+fp/hard/libnosys.a
END GROUP
LOAD /opt/st/stm32cubeide_1.13.1/plugins/com.st.stm32cube.ide.mcu.externaltools.gnu-tools-for-stm32.11.3.rel1.linux64_1.1.100.202309141235/tools/bin/../lib/gcc/arm-none-eabi/11.3.1/thumb/v7e-m+fp/hard/crtend.o
LOAD /opt/st/stm32cubeide_1.13.1/plugins/com.st.stm32cube.ide.mcu.externaltools.gnu-tools-for-stm32.11.3.rel1.linux64_1.1.100.202309141235/tools/bin/../lib/gcc/arm-none-eabi/11.3.1/thumb/v7e-m+fp/hard/crtn.o
                0x0000000020010000                _estack = (ORIGIN (RAM) + LENGTH (RAM))
                0x0000000000000200                _Min_Heap_Size = 0x200
                0x0000000000000400                _Min_Stack_Size = 0x400

.isr_vector     0x0000000008000000      0x194
                0x0000000008000000                . = ALIGN (0x4)
 *(.isr_vector)
 .isr_vector    0x0000000008000000      0x194 ./Core/Startup/startup_stm32f401ccux.o
                0x0000000008000000                g_pfnVectors
                0x0000000008000194                . = ALIGN (0x4)

.text           0x0000000008000194     0x3374
                0x0000000008000194                . = ALIGN (0x4)
 *(.text)
 .text          0x0000000008000194       0x40 /opt/st/stm32cubeide_1.13.1/plugins/com.st.stm32cube.ide.mcu.externaltools.gnu-tools-for-stm32.11.3.rel1.linux64_1.1.100.202309141235/tools/bin/../lib/gcc/arm-none-eabi/11.3.1/thumb/v7e-m+fp/hard/crtbegin.o
 .text          0x00000000080001d4       0x30 /opt/st/stm32cubeide_1.13.1/plugins/com.st.stm32cube.ide.mcu.externaltools.gnu-tools-for-stm32.11.3.rel1.linux64_1.1.100.202309141235/tools/bin/../lib/gcc/arm-none-eabi/11.3.1/thumb/v7e-m+fp/hard/libgcc.a(_aeabi_uldivmod.o)
                0x00000000080001d4                __aeabi_uldivmod
 .text          0x0000000008000204      0x2c8 /opt/st/stm32cubeide_1.13.1/plugins/com.st.stm32cube.ide.mcu.externaltools.gnu-tools-for-stm32.11.3.rel1.linux64_1.1.100.202309141235/tools/bin/../lib/gcc/arm-none-eabi/11.3.1/thumb/v7e-m+fp/hard/libgcc.a(_udivmoddi4.o)
                0x0000000008000204                __udivmoddi4
 .text          0x00000000080004cc        0x4 /opt/st/stm32cubeide_1.13.1/plugins/com.st.stm32cube.ide.mcu.externaltools.gnu-tools-for-stm32.11.3.rel1.linux64_1.1.100.202309141235/tools/bin/../lib/gcc/arm-none-eabi/11.3.1/thumb/v7e-m+fp/hard/libgcc.a(_dvmd_tls.o)
                0x00000000080004cc                __aeabi_ldiv0
                0x00000000080004cc                __aeabi_idiv0
 *(.text*)
 .text.main     0x00000000080004d0      0x1f4 ./Core/Src/main.o
                0x00000000080004d0                main
 .text.SystemClock_Config
                0x00000000080006c4       0xd4 ./Core/Src/main.o
                0x00000000080006c4                SystemClock_Config
 .text.MX_TIM1_Init
                0x0000000008000798      0x188 ./Core/Src/main.o
 .text.MX_DMA_Init
                0x0000000008000920       0x40 ./Core/Src/main.o
 .text.MX_GPIO_Init
                0x0000000008000960       0x50 ./Core/Src/main.o
 .text.Error_Handler
                0x00000000080009b0        0xa ./Core/Src/main.o
                0x00000000080009b0                Error_Handler
 *fill*         0x00000000080009ba        0x2 
 .text.HAL_MspInit
                0x00000000080009bc       0x50 ./Core/Src/stm32f4xx_hal_msp.o
                0x00000000080009bc                HAL_MspInit
 .text.HAL_TIM_Base_MspInit
                0x0000000008000a0c       0xa8 ./Core/Src/stm32f4xx_hal_msp.o
                0x0000000008000a0c                HAL_TIM_Base_MspInit
 .text.HAL_TIM_MspPostInit
                0x0000000008000ab4       0x74 ./Core/Src/stm32f4xx_hal_msp.o
                0x0000000008000ab4                HAL_TIM_MspPostInit
 .text.NMI_Handler
                0x0000000008000b28        0x6 ./Core/Src/stm32f4xx_it.o
                0x0000000008000b28                NMI_Handler
 .text.HardFault_Handler
                0x0000000008000b2e        0x6 ./Core/Src/stm32f4xx_it.o
                0x0000000008000b2e                HardFault_Handler
 .text.MemManage_Handler
                0x0000000008000b34        0x6 ./Core/Src/stm32f4xx_it.o
                0x0000000008000b34                MemManage_Handler
 .text.BusFault_Handler
                0x0000000008000b3a        0x6 ./Core/Src/stm32f4xx_it.o
                0x0000000008000b3a                BusFault_Handler
 .text.UsageFault_Handler
                0x0000000008000b40        0x6 ./Core/Src/stm32f4xx_it.o
                0x0000000008000b40                UsageFault_Handler
 .text.SVC_Handler
                0x0000000008000b46        0xe ./Core/Src/stm32f4xx_it.o
                0x0000000008000b46                SVC_Handler
 .text.DebugMon_Handler
                0x0000000008000b54        0xe ./Core/Src/stm32f4xx_it.o
                0x0000000008000b54                DebugMon_Handler
 .text.PendSV_Handler
                0x0000000008000b62        0xe ./Core/Src/stm32f4xx_it.o
                0x0000000008000b62                PendSV_Handler
 .text.SysTick_Handler
                0x0000000008000b70        0xc ./Core/Src/stm32f4xx_it.o
                0x0000000008000b70                SysTick_Handler
 .text.DMA2_Stream5_IRQHandler
                0x0000000008000b7c       0x14 ./Core/Src/stm32f4xx_it.o
                0x0000000008000b7c                DMA2_Stream5_IRQHandler
 .text.SystemInit
                0x0000000008000b90       0x24 ./Core/Src/system_stm32f4xx.o
                0x0000000008000b90                SystemInit
 .text.Reset_Handler
                0x0000000008000bb4       0x50 ./Core/Startup/startup_stm32f401ccux.o
                0x0000000008000bb4                Reset_Handler
 .text.Default_Handler
                0x0000000008000c04        0x2 ./Core/Startup/startup_stm32f401ccux.o
                0x0000000008000c04                RTC_Alarm_IRQHandler
                0x0000000008000c04                EXTI2_IRQHandler
                0x0000000008000c04                SPI4_IRQHandler
                0x0000000008000c04                TIM1_CC_IRQHandler
                0x0000000008000c04                DMA1_Stream5_IRQHandler
                0x0000000008000c04                PVD_IRQHandler
                0x0000000008000c04                SDIO_IRQHandler
                0x0000000008000c04                TAMP_STAMP_IRQHandler
                0x0000000008000c04                EXTI3_IRQHandler
                0x0000000008000c04                TIM1_UP_TIM10_IRQHandler
                0x0000000008000c04                I2C3_ER_IRQHandler
                0x0000000008000c04                EXTI0_IRQHandler
                0x0000000008000c04                I2C2_EV_IRQHandler
                0x0000000008000c04                DMA1_Stream2_IRQHandler
                0x0000000008000c04                FPU_IRQHandler
                0x0000000008000c04                DMA2_Stream2_IRQHandler
                0x0000000008000c04                SPI1_IRQHandler
                0x0000000008000c04                TIM1_BRK_TIM9_IRQHandler
                0x0000000008000c04                DMA2_Stream3_IRQHandler
                0x0000000008000c04                USART6_IRQHandler
                0x0000000008000c04                DMA2_Stream0_IRQHandler
                0x0000000008000c04                TIM4_IRQHandler
                0x0000000008000c04                I2C1_EV_IRQHandler
                0x0000000008000c04                DMA1_Stream6_IRQHandler
                0x0000000008000c04                DMA1_Stream1_IRQHandler
                0x0000000008000c04                TIM3_IRQHandler
                0x0000000008000c04                RCC_IRQHandler
                0x0000000008000c04                Default_Handler
                0x0000000008000c04                EXTI15_10_IRQHandler
                0x0000000008000c04                ADC_IRQHandler
                0x0000000008000c04                DMA1_Stream7_IRQHandler
                0x0000000008000c04                TIM5_IRQHandler
                0x0000000008000c04                DMA2_Stream7_IRQHandler
                0x0000000008000c04                I2C3_EV_IRQHandler
                0x0000000008000c04                EXTI9_5_IRQHandler
                0x0000000008000c04                RTC_WKUP_IRQHandler
                0x0000000008000c04                SPI2_IRQHandler
                0x0000000008000c04                DMA1_Stream0_IRQHandler
                0x0000000008000c04                EXTI4_IRQHandler
                0x0000000008000c04                WWDG_IRQHandler
                0x0000000008000c04                TIM2_IRQHandler
                0x0000000008000c04                OTG_FS_WKUP_IRQHandler
                0x0000000008000c04                TIM1_TRG_COM_TIM11_IRQHandler
                0x0000000008000c04                EXTI1_IRQHandler
                0x0000000008000c04                USART2_IRQHandler
                0x0000000008000c04                I2C2_ER_IRQHandler
                0x0000000008000c04                DMA2_Stream1_IRQHandler
                0x0000000008000c04                FLASH_IRQHandler
                0x0000000008000c04                DMA2_Stream4_IRQHandler
                0x0000000008000c04                USART1_IRQHandler
                0x0000000008000c04                OTG_FS_IRQHandler
                0x0000000008000c04                SPI3_IRQHandler
                0x0000000008000c04                DMA1_Stream4_IRQHandler
                0x0000000008000c04                I2C1_ER_IRQHandler
                0x0000000008000c04                DMA2_Stream6_IRQHandler
                0x0000000008000c04                DMA1_Stream3_IRQHandler
 *fill*         0x0000000008000c06        0x2 
 .text.HAL_Init
                0x0000000008000c08       0x44 ./Drivers/STM32F4xx_HAL_Driver/Src/stm32f4xx_hal.o
                0x0000000008000c08                HAL_Init
 .text.HAL_InitTick
                0x0000000008000c4c       0x60 ./Drivers/STM32F4xx_HAL_Driver/Src/stm32f4xx_hal.o
                0x0000000008000c4c                HAL_InitTick
 .text.HAL_IncTick
                0x0000000008000cac       0x28 ./Drivers/STM32F4xx_HAL_Driver/Src/stm32f4xx_hal.o
                0x0000000008000cac                HAL_IncTick
 .text.HAL_GetTick
                0x0000000008000cd4       0x18 ./Drivers/STM32F4xx_HAL_Driver/Src/stm32f4xx_hal.o
                0x0000000008000cd4                HAL_GetTick
 .text.__NVIC_SetPriorityGrouping
                0x0000000008000cec       0x48 ./Drivers/STM32F4xx_HAL_Driver/Src/stm32f4xx_hal_cortex.o
 .text.__NVIC_GetPriorityGrouping
                0x0000000008000d34       0x1c ./Drivers/STM32F4xx_HAL_Driver/Src/stm32f4xx_hal_cortex.o
 .text.__NVIC_EnableIRQ
                0x0000000008000d50       0x3c ./Drivers/STM32F4xx_HAL_Driver/Src/stm32f4xx_hal_cortex.o
 .text.__NVIC_SetPriority
                0x0000000008000d8c       0x54 ./Drivers/STM32F4xx_HAL_Driver/Src/stm32f4xx_hal_cortex.o
 .text.NVIC_EncodePriority
                0x0000000008000de0       0x66 ./Drivers/STM32F4xx_HAL_Driver/Src/stm32f4xx_hal_cortex.o
 *fill*         0x0000000008000e46        0x2 
 .text.SysTick_Config
                0x0000000008000e48       0x44 ./Drivers/STM32F4xx_HAL_Driver/Src/stm32f4xx_hal_cortex.o
 .text.HAL_NVIC_SetPriorityGrouping
                0x0000000008000e8c       0x16 ./Drivers/STM32F4xx_HAL_Driver/Src/stm32f4xx_hal_cortex.o
                0x0000000008000e8c                HAL_NVIC_SetPriorityGrouping
 .text.HAL_NVIC_SetPriority
                0x0000000008000ea2       0x38 ./Drivers/STM32F4xx_HAL_Driver/Src/stm32f4xx_hal_cortex.o
                0x0000000008000ea2                HAL_NVIC_SetPriority
 .text.HAL_NVIC_EnableIRQ
                0x0000000008000eda       0x1c ./Drivers/STM32F4xx_HAL_Driver/Src/stm32f4xx_hal_cortex.o
                0x0000000008000eda                HAL_NVIC_EnableIRQ
 .text.HAL_SYSTICK_Config
                0x0000000008000ef6       0x18 ./Drivers/STM32F4xx_HAL_Driver/Src/stm32f4xx_hal_cortex.o
                0x0000000008000ef6                HAL_SYSTICK_Config
 *fill*         0x0000000008000f0e        0x2 
 .text.HAL_DMA_Init
                0x0000000008000f10      0x15c ./Drivers/STM32F4xx_HAL_Driver/Src/stm32f4xx_hal_dma.o
                0x0000000008000f10                HAL_DMA_Init
 .text.HAL_DMA_Start_IT
                0x000000000800106c       0xb0 ./Drivers/STM32F4xx_HAL_Driver/Src/stm32f4xx_hal_dma.o
                0x000000000800106c                HAL_DMA_Start_IT
 .text.HAL_DMA_IRQHandler
                0x000000000800111c      0x314 ./Drivers/STM32F4xx_HAL_Driver/Src/stm32f4xx_hal_dma.o
                0x000000000800111c                HAL_DMA_IRQHandler
 .text.DMA_SetConfig
                0x0000000008001430       0x5c ./Drivers/STM32F4xx_HAL_Driver/Src/stm32f4xx_hal_dma.o
 .text.DMA_CalcBaseAndBitshift
                0x000000000800148c       0x6c ./Drivers/STM32F4xx_HAL_Driver/Src/stm32f4xx_hal_dma.o
 .text.DMA_CheckFifoParam
                0x00000000080014f8       0xf8 ./Drivers/STM32F4xx_HAL_Driver/Src/stm32f4xx_hal_dma.o
 .text.HAL_GPIO_Init
                0x00000000080015f0      0x308 ./Drivers/STM32F4xx_HAL_Driver/Src/stm32f4xx_hal_gpio.o
                0x00000000080015f0                HAL_GPIO_Init
 .text.HAL_RCC_OscConfig
                0x00000000080018f8      0x4f0 ./Drivers/STM32F4xx_HAL_Driver/Src/stm32f4xx_hal_rcc.o
                0x00000000080018f8                HAL_RCC_OscConfig
 .text.HAL_RCC_ClockConfig
                0x0000000008001de8      0x1cc ./Drivers/STM32F4xx_HAL_Driver/Src/stm32f4xx_hal_rcc.o
                0x0000000008001de8                HAL_RCC_ClockConfig
 .text.HAL_RCC_GetSysClockFreq
                0x0000000008001fb4      0x18c ./Drivers/STM32F4xx_HAL_Driver/Src/stm32f4xx_hal_rcc.o
                0x0000000008001fb4                HAL_RCC_GetSysClockFreq
 .text.HAL_TIM_Base_Init
                0x0000000008002140       0x9e ./Drivers/STM32F4xx_HAL_Driver/Src/stm32f4xx_hal_tim.o
                0x0000000008002140                HAL_TIM_Base_Init
 .text.HAL_TIM_PWM_Init
                0x00000000080021de       0x9e ./Drivers/STM32F4xx_HAL_Driver/Src/stm32f4xx_hal_tim.o
                0x00000000080021de                HAL_TIM_PWM_Init
 .text.HAL_TIM_PWM_MspInit
                0x000000000800227c       0x14 ./Drivers/STM32F4xx_HAL_Driver/Src/stm32f4xx_hal_tim.o
                0x000000000800227c                HAL_TIM_PWM_MspInit
 .text.HAL_TIM_PWM_Start
                0x0000000008002290      0x160 ./Drivers/STM32F4xx_HAL_Driver/Src/stm32f4xx_hal_tim.o
                0x0000000008002290                HAL_TIM_PWM_Start
 .text.HAL_TIM_PWM_ConfigChannel
                0x00000000080023f0      0x184 ./Drivers/STM32F4xx_HAL_Driver/Src/stm32f4xx_hal_tim.o
                0x00000000080023f0                HAL_TIM_PWM_ConfigChannel
 .text.HAL_TIM_DMABurst_MultiWriteStart
                0x0000000008002574      0x2a8 ./Drivers/STM32F4xx_HAL_Driver/Src/stm32f4xx_hal_tim.o
                0x0000000008002574                HAL_TIM_DMABurst_MultiWriteStart
 .text.HAL_TIM_ConfigClockSource
                0x000000000800281c      0x18e ./Drivers/STM32F4xx_HAL_Driver/Src/stm32f4xx_hal_tim.o
                0x000000000800281c                HAL_TIM_ConfigClockSource
 .text.HAL_TIM_PeriodElapsedCallback
                0x00000000080029aa       0x14 ./Drivers/STM32F4xx_HAL_Driver/Src/stm32f4xx_hal_tim.o
                0x00000000080029aa                HAL_TIM_PeriodElapsedCallback
 .text.HAL_TIM_PeriodElapsedHalfCpltCallback
                0x00000000080029be       0x14 ./Drivers/STM32F4xx_HAL_Driver/Src/stm32f4xx_hal_tim.o
                0x00000000080029be                HAL_TIM_PeriodElapsedHalfCpltCallback
 .text.HAL_TIM_PWM_PulseFinishedCallback
                0x00000000080029d2       0x14 ./Drivers/STM32F4xx_HAL_Driver/Src/stm32f4xx_hal_tim.o
                0x00000000080029d2                HAL_TIM_PWM_PulseFinishedCallback
 .text.HAL_TIM_PWM_PulseFinishedHalfCpltCallback
                0x00000000080029e6       0x14 ./Drivers/STM32F4xx_HAL_Driver/Src/stm32f4xx_hal_tim.o
                0x00000000080029e6                HAL_TIM_PWM_PulseFinishedHalfCpltCallback
 .text.HAL_TIM_TriggerCallback
                0x00000000080029fa       0x14 ./Drivers/STM32F4xx_HAL_Driver/Src/stm32f4xx_hal_tim.o
                0x00000000080029fa                HAL_TIM_TriggerCallback
 .text.HAL_TIM_TriggerHalfCpltCallback
                0x0000000008002a0e       0x14 ./Drivers/STM32F4xx_HAL_Driver/Src/stm32f4xx_hal_tim.o
                0x0000000008002a0e                HAL_TIM_TriggerHalfCpltCallback
 .text.HAL_TIM_ErrorCallback
                0x0000000008002a22       0x14 ./Drivers/STM32F4xx_HAL_Driver/Src/stm32f4xx_hal_tim.o
                0x0000000008002a22                HAL_TIM_ErrorCallback
 .text.TIM_DMAError
                0x0000000008002a36       0x92 ./Drivers/STM32F4xx_HAL_Driver/Src/stm32f4xx_hal_tim.o
                0x0000000008002a36                TIM_DMAError
 .text.TIM_DMADelayPulseCplt
                0x0000000008002ac8       0xa8 ./Drivers/STM32F4xx_HAL_Driver/Src/stm32f4xx_hal_tim.o
 .text.TIM_DMADelayPulseHalfCplt
                0x0000000008002b70       0x68 ./Drivers/STM32F4xx_HAL_Driver/Src/stm32f4xx_hal_tim.o
                0x0000000008002b70                TIM_DMADelayPulseHalfCplt
 .text.TIM_DMAPeriodElapsedCplt
                0x0000000008002bd8       0x2e ./Drivers/STM32F4xx_HAL_Driver/Src/stm32f4xx_hal_tim.o
 .text.TIM_DMAPeriodElapsedHalfCplt
                0x0000000008002c06       0x1c ./Drivers/STM32F4xx_HAL_Driver/Src/stm32f4xx_hal_tim.o
 .text.TIM_DMATriggerCplt
                0x0000000008002c22       0x2e ./Drivers/STM32F4xx_HAL_Driver/Src/stm32f4xx_hal_tim.o
 .text.TIM_DMATriggerHalfCplt
                0x0000000008002c50       0x1c ./Drivers/STM32F4xx_HAL_Driver/Src/stm32f4xx_hal_tim.o
 .text.TIM_Base_SetConfig
                0x0000000008002c6c      0x118 ./Drivers/STM32F4xx_HAL_Driver/Src/stm32f4xx_hal_tim.o
                0x0000000008002c6c                TIM_Base_SetConfig
 .text.TIM_OC1_SetConfig
                0x0000000008002d84       0xcc ./Drivers/STM32F4xx_HAL_Driver/Src/stm32f4xx_hal_tim.o
 .text.TIM_OC2_SetConfig
                0x0000000008002e50       0xd8 ./Drivers/STM32F4xx_HAL_Driver/Src/stm32f4xx_hal_tim.o
                0x0000000008002e50                TIM_OC2_SetConfig
 .text.TIM_OC3_SetConfig
                0x0000000008002f28       0xd4 ./Drivers/STM32F4xx_HAL_Driver/Src/stm32f4xx_hal_tim.o
 .text.TIM_OC4_SetConfig
                0x0000000008002ffc       0xa0 ./Drivers/STM32F4xx_HAL_Driver/Src/stm32f4xx_hal_tim.o
 .text.TIM_TI1_ConfigInputStage
                0x000000000800309c       0x5e ./Drivers/STM32F4xx_HAL_Driver/Src/stm32f4xx_hal_tim.o
 .text.TIM_TI2_ConfigInputStage
                0x00000000080030fa       0x60 ./Drivers/STM32F4xx_HAL_Driver/Src/stm32f4xx_hal_tim.o
 .text.TIM_ITRx_SetConfig
                0x000000000800315a       0x36 ./Drivers/STM32F4xx_HAL_Driver/Src/stm32f4xx_hal_tim.o
 .text.TIM_ETR_SetConfig
                0x0000000008003190       0x40 ./Drivers/STM32F4xx_HAL_Driver/Src/stm32f4xx_hal_tim.o
                0x0000000008003190                TIM_ETR_SetConfig
 .text.TIM_CCxChannelCmd
                0x00000000080031d0       0x4a ./Drivers/STM32F4xx_HAL_Driver/Src/stm32f4xx_hal_tim.o
                0x00000000080031d0                TIM_CCxChannelCmd
 *fill*         0x000000000800321a        0x2 
 .text.HAL_TIMEx_MasterConfigSynchronization
                0x000000000800321c       0xdc ./Drivers/STM32F4xx_HAL_Driver/Src/stm32f4xx_hal_tim_ex.o
                0x000000000800321c                HAL_TIMEx_MasterConfigSynchronization
 .text.HAL_TIMEx_ConfigBreakDeadTime
                0x00000000080032f8       0xa4 ./Drivers/STM32F4xx_HAL_Driver/Src/stm32f4xx_hal_tim_ex.o
                0x00000000080032f8                HAL_TIMEx_ConfigBreakDeadTime
 .text.HAL_TIMEx_CommutCallback
                0x000000000800339c       0x14 ./Drivers/STM32F4xx_HAL_Driver/Src/stm32f4xx_hal_tim_ex.o
                0x000000000800339c                HAL_TIMEx_CommutCallback
 .text.HAL_TIMEx_CommutHalfCpltCallback
                0x00000000080033b0       0x14 ./Drivers/STM32F4xx_HAL_Driver/Src/stm32f4xx_hal_tim_ex.o
                0x00000000080033b0                HAL_TIMEx_CommutHalfCpltCallback
 .text.TIMEx_DMACommutationCplt
                0x00000000080033c4       0x24 ./Drivers/STM32F4xx_HAL_Driver/Src/stm32f4xx_hal_tim_ex.o
                0x00000000080033c4                TIMEx_DMACommutationCplt
 .text.TIMEx_DMACommutationHalfCplt
                0x00000000080033e8       0x24 ./Drivers/STM32F4xx_HAL_Driver/Src/stm32f4xx_hal_tim_ex.o
                0x00000000080033e8                TIMEx_DMACommutationHalfCplt
 .text.arm_sin_f32
                0x000000000800340c       0x8c ../Middlewares/ST/ARM/DSP/Lib/libarm_cortexM4lf_math.a(arm_sin_f32.o)
                0x000000000800340c                arm_sin_f32
 .text.memset   0x0000000008003498       0x10 /opt/st/stm32cubeide_1.13.1/plugins/com.st.stm32cube.ide.mcu.externaltools.gnu-tools-for-stm32.11.3.rel1.linux64_1.1.100.202309141235/tools/bin/../lib/gcc/arm-none-eabi/11.3.1/../../../../arm-none-eabi/lib/thumb/v7e-m+fp/hard/libc_nano.a(libc_a-memset.o)
                0x0000000008003498                memset
 .text.__libc_init_array
                0x00000000080034a8       0x48 /opt/st/stm32cubeide_1.13.1/plugins/com.st.stm32cube.ide.mcu.externaltools.gnu-tools-for-stm32.11.3.rel1.linux64_1.1.100.202309141235/tools/bin/../lib/gcc/arm-none-eabi/11.3.1/../../../../arm-none-eabi/lib/thumb/v7e-m+fp/hard/libc_nano.a(libc_a-init.o)
                0x00000000080034a8                __libc_init_array
 *(.glue_7)
 .glue_7        0x00000000080034f0        0x0 linker stubs
 *(.glue_7t)
 .glue_7t       0x00000000080034f0        0x0 linker stubs
 *(.eh_frame)
 .eh_frame      0x00000000080034f0        0x0 /opt/st/stm32cubeide_1.13.1/plugins/com.st.stm32cube.ide.mcu.externaltools.gnu-tools-for-stm32.11.3.rel1.linux64_1.1.100.202309141235/tools/bin/../lib/gcc/arm-none-eabi/11.3.1/thumb/v7e-m+fp/hard/crtbegin.o
 *(.init)
 .init          0x00000000080034f0        0x4 /opt/st/stm32cubeide_1.13.1/plugins/com.st.stm32cube.ide.mcu.externaltools.gnu-tools-for-stm32.11.3.rel1.linux64_1.1.100.202309141235/tools/bin/../lib/gcc/arm-none-eabi/11.3.1/thumb/v7e-m+fp/hard/crti.o
                0x00000000080034f0                _init
 .init          0x00000000080034f4        0x8 /opt/st/stm32cubeide_1.13.1/plugins/com.st.stm32cube.ide.mcu.externaltools.gnu-tools-for-stm32.11.3.rel1.linux64_1.1.100.202309141235/tools/bin/../lib/gcc/arm-none-eabi/11.3.1/thumb/v7e-m+fp/hard/crtn.o
 *(.fini)
 .fini          0x00000000080034fc        0x4 /opt/st/stm32cubeide_1.13.1/plugins/com.st.stm32cube.ide.mcu.externaltools.gnu-tools-for-stm32.11.3.rel1.linux64_1.1.100.202309141235/tools/bin/../lib/gcc/arm-none-eabi/11.3.1/thumb/v7e-m+fp/hard/crti.o
                0x00000000080034fc                _fini
 .fini          0x0000000008003500        0x8 /opt/st/stm32cubeide_1.13.1/plugins/com.st.stm32cube.ide.mcu.externaltools.gnu-tools-for-stm32.11.3.rel1.linux64_1.1.100.202309141235/tools/bin/../lib/gcc/arm-none-eabi/11.3.1/thumb/v7e-m+fp/hard/crtn.o
                0x0000000008003508                . = ALIGN (0x4)
                0x0000000008003508                _etext = .

.vfp11_veneer   0x0000000008003508        0x0
 .vfp11_veneer  0x0000000008003508        0x0 linker stubs

.v4_bx          0x0000000008003508        0x0
 .v4_bx         0x0000000008003508        0x0 linker stubs

.iplt           0x0000000008003508        0x0
 .iplt          0x0000000008003508        0x0 /opt/st/stm32cubeide_1.13.1/plugins/com.st.stm32cube.ide.mcu.externaltools.gnu-tools-for-stm32.11.3.rel1.linux64_1.1.100.202309141235/tools/bin/../lib/gcc/arm-none-eabi/11.3.1/thumb/v7e-m+fp/hard/crtbegin.o

.rodata         0x0000000008003508      0x81c
                0x0000000008003508                . = ALIGN (0x4)
 *(.rodata)
 *(.rodata*)
 .rodata.AHBPrescTable
                0x0000000008003508       0x10 ./Core/Src/system_stm32f4xx.o
                0x0000000008003508                AHBPrescTable
 .rodata.flagBitshiftOffset.0
                0x0000000008003518        0x8 ./Drivers/STM32F4xx_HAL_Driver/Src/stm32f4xx_hal_dma.o
 .rodata.sinTable_f32
                0x0000000008003520      0x804 ../Middlewares/ST/ARM/DSP/Lib/libarm_cortexM4lf_math.a(arm_common_tables.o)
                0x0000000008003520                sinTable_f32
                0x0000000008003d24                . = ALIGN (0x4)

.ARM.extab      0x0000000008003d24        0x0
                0x0000000008003d24                . = ALIGN (0x4)
 *(.ARM.extab* .gnu.linkonce.armextab.*)
                0x0000000008003d24                . = ALIGN (0x4)

.ARM            0x0000000008003d24        0x8
                0x0000000008003d24                . = ALIGN (0x4)
                0x0000000008003d24                __exidx_start = .
 *(.ARM.exidx*)
 .ARM.exidx     0x0000000008003d24        0x8 /opt/st/stm32cubeide_1.13.1/plugins/com.st.stm32cube.ide.mcu.externaltools.gnu-tools-for-stm32.11.3.rel1.linux64_1.1.100.202309141235/tools/bin/../lib/gcc/arm-none-eabi/11.3.1/thumb/v7e-m+fp/hard/libgcc.a(_udivmoddi4.o)
                0x0000000008003d2c                __exidx_end = .
                0x0000000008003d2c                . = ALIGN (0x4)

.rel.dyn        0x0000000008003d2c        0x0
 .rel.iplt      0x0000000008003d2c        0x0 /opt/st/stm32cubeide_1.13.1/plugins/com.st.stm32cube.ide.mcu.externaltools.gnu-tools-for-stm32.11.3.rel1.linux64_1.1.100.202309141235/tools/bin/../lib/gcc/arm-none-eabi/11.3.1/thumb/v7e-m+fp/hard/crtbegin.o

.preinit_array  0x0000000008003d2c        0x0
                0x0000000008003d2c                . = ALIGN (0x4)
                0x0000000008003d2c                PROVIDE (__preinit_array_start = .)
 *(.preinit_array*)
                0x0000000008003d2c                PROVIDE (__preinit_array_end = .)
                0x0000000008003d2c                . = ALIGN (0x4)

.init_array     0x0000000008003d2c        0x4
                0x0000000008003d2c                . = ALIGN (0x4)
                0x0000000008003d2c                PROVIDE (__init_array_start = .)
 *(SORT_BY_NAME(.init_array.*))
 *(.init_array*)
 .init_array    0x0000000008003d2c        0x4 /opt/st/stm32cubeide_1.13.1/plugins/com.st.stm32cube.ide.mcu.externaltools.gnu-tools-for-stm32.11.3.rel1.linux64_1.1.100.202309141235/tools/bin/../lib/gcc/arm-none-eabi/11.3.1/thumb/v7e-m+fp/hard/crtbegin.o
                0x0000000008003d30                PROVIDE (__init_array_end = .)
                0x0000000008003d30                . = ALIGN (0x4)

.fini_array     0x0000000008003d30        0x4
                0x0000000008003d30                . = ALIGN (0x4)
                [!provide]                        PROVIDE (__fini_array_start = .)
 *(SORT_BY_NAME(.fini_array.*))
 *(.fini_array*)
 .fini_array    0x0000000008003d30        0x4 /opt/st/stm32cubeide_1.13.1/plugins/com.st.stm32cube.ide.mcu.externaltools.gnu-tools-for-stm32.11.3.rel1.linux64_1.1.100.202309141235/tools/bin/../lib/gcc/arm-none-eabi/11.3.1/thumb/v7e-m+fp/hard/crtbegin.o
                [!provide]                        PROVIDE (__fini_array_end = .)
                0x0000000008003d34                . = ALIGN (0x4)
                0x0000000008003d34                _sidata = LOADADDR (.data)

.data           0x0000000020000000       0x10 load address 0x0000000008003d34
                0x0000000020000000                . = ALIGN (0x4)
                0x0000000020000000                _sdata = .
 *(.data)
 *(.data*)
 .data.A        0x0000000020000000        0x2 ./Core/Src/main.o
                0x0000000020000000                A
 *fill*         0x0000000020000002        0x2 
 .data.SystemCoreClock
                0x0000000020000004        0x4 ./Core/Src/system_stm32f4xx.o
                0x0000000020000004                SystemCoreClock
 .data.uwTickPrio
                0x0000000020000008        0x4 ./Drivers/STM32F4xx_HAL_Driver/Src/stm32f4xx_hal.o
                0x0000000020000008                uwTickPrio
 .data.uwTickFreq
                0x000000002000000c        0x1 ./Drivers/STM32F4xx_HAL_Driver/Src/stm32f4xx_hal.o
                0x000000002000000c                uwTickFreq
 *(.RamFunc)
 *(.RamFunc*)
                0x0000000020000010                . = ALIGN (0x4)
 *fill*         0x000000002000000d        0x3 
                0x0000000020000010                _edata = .

.igot.plt       0x0000000020000010        0x0 load address 0x0000000008003d44
 .igot.plt      0x0000000020000010        0x0 /opt/st/stm32cubeide_1.13.1/plugins/com.st.stm32cube.ide.mcu.externaltools.gnu-tools-for-stm32.11.3.rel1.linux64_1.1.100.202309141235/tools/bin/../lib/gcc/arm-none-eabi/11.3.1/thumb/v7e-m+fp/hard/crtbegin.o
                0x0000000020000010                . = ALIGN (0x4)

.bss            0x0000000020000010      0x208 load address 0x0000000008003d44
                0x0000000020000010                _sbss = .
                0x0000000020000010                __bss_start__ = _sbss
 *(.bss)
 .bss           0x0000000020000010       0x1c /opt/st/stm32cubeide_1.13.1/plugins/com.st.stm32cube.ide.mcu.externaltools.gnu-tools-for-stm32.11.3.rel1.linux64_1.1.100.202309141235/tools/bin/../lib/gcc/arm-none-eabi/11.3.1/thumb/v7e-m+fp/hard/crtbegin.o
 *(.bss*)
 .bss.htim1     0x000000002000002c       0x48 ./Core/Src/main.o
                0x000000002000002c                htim1
 .bss.hdma_tim1_up
                0x0000000020000074       0x60 ./Core/Src/main.o
                0x0000000020000074                hdma_tim1_up
 .bss.sindat    0x00000000200000d4      0x138 ./Core/Src/main.o
                0x00000000200000d4                sindat
 .bss.i         0x000000002000020c        0x1 ./Core/Src/main.o
                0x000000002000020c                i
 *fill*         0x000000002000020d        0x3 
 .bss.angle     0x0000000020000210        0x4 ./Core/Src/main.o
                0x0000000020000210                angle
 .bss.uwTick    0x0000000020000214        0x4 ./Drivers/STM32F4xx_HAL_Driver/Src/stm32f4xx_hal.o
                0x0000000020000214                uwTick
 *(COMMON)
                0x0000000020000218                . = ALIGN (0x4)
                0x0000000020000218                _ebss = .
                0x0000000020000218                __bss_end__ = _ebss

._user_heap_stack
                0x0000000020000218      0x600 load address 0x0000000008003d44
                0x0000000020000218                . = ALIGN (0x8)
                [!provide]                        PROVIDE (end = .)
                0x0000000020000218                PROVIDE (_end = .)
                0x0000000020000418                . = (. + _Min_Heap_Size)
 *fill*         0x0000000020000218      0x200 
                0x0000000020000818                . = (. + _Min_Stack_Size)
 *fill*         0x0000000020000418      0x400 
                0x0000000020000818                . = ALIGN (0x8)

/DISCARD/
 libc.a(*)
 libm.a(*)
 libgcc.a(*)

.ARM.attributes
                0x0000000000000000       0x30
 *(.ARM.attributes)
 .ARM.attributes
                0x0000000000000000       0x1e /opt/st/stm32cubeide_1.13.1/plugins/com.st.stm32cube.ide.mcu.externaltools.gnu-tools-for-stm32.11.3.rel1.linux64_1.1.100.202309141235/tools/bin/../lib/gcc/arm-none-eabi/11.3.1/thumb/v7e-m+fp/hard/crti.o
 .ARM.attributes
                0x000000000000001e       0x34 /opt/st/stm32cubeide_1.13.1/plugins/com.st.stm32cube.ide.mcu.externaltools.gnu-tools-for-stm32.11.3.rel1.linux64_1.1.100.202309141235/tools/bin/../lib/gcc/arm-none-eabi/11.3.1/thumb/v7e-m+fp/hard/crtbegin.o
 .ARM.attributes
                0x0000000000000052       0x34 ./Core/Src/main.o
 .ARM.attributes
                0x0000000000000086       0x34 ./Core/Src/stm32f4xx_hal_msp.o
 .ARM.attributes
                0x00000000000000ba       0x34 ./Core/Src/stm32f4xx_it.o
 .ARM.attributes
                0x00000000000000ee       0x34 ./Core/Src/system_stm32f4xx.o
 .ARM.attributes
                0x0000000000000122       0x21 ./Core/Startup/startup_stm32f401ccux.o
 .ARM.attributes
                0x0000000000000143       0x34 ./Drivers/STM32F4xx_HAL_Driver/Src/stm32f4xx_hal.o
 .ARM.attributes
                0x0000000000000177       0x34 ./Drivers/STM32F4xx_HAL_Driver/Src/stm32f4xx_hal_cortex.o
 .ARM.attributes
                0x00000000000001ab       0x34 ./Drivers/STM32F4xx_HAL_Driver/Src/stm32f4xx_hal_dma.o
 .ARM.attributes
                0x00000000000001df       0x34 ./Drivers/STM32F4xx_HAL_Driver/Src/stm32f4xx_hal_gpio.o
 .ARM.attributes
                0x0000000000000213       0x34 ./Drivers/STM32F4xx_HAL_Driver/Src/stm32f4xx_hal_rcc.o
 .ARM.attributes
                0x0000000000000247       0x34 ./Drivers/STM32F4xx_HAL_Driver/Src/stm32f4xx_hal_tim.o
 .ARM.attributes
                0x000000000000027b       0x34 ./Drivers/STM32F4xx_HAL_Driver/Src/stm32f4xx_hal_tim_ex.o
 .ARM.attributes
                0x00000000000002af       0x34 ../Middlewares/ST/ARM/DSP/Lib/libarm_cortexM4lf_math.a(arm_sin_f32.o)
 .ARM.attributes
                0x00000000000002e3       0x39 ../Middlewares/ST/ARM/DSP/Lib/libarm_cortexM4lf_math.a(arm_common_tables.o)
 .ARM.attributes
                0x000000000000031c       0x34 /opt/st/stm32cubeide_1.13.1/plugins/com.st.stm32cube.ide.mcu.externaltools.gnu-tools-for-stm32.11.3.rel1.linux64_1.1.100.202309141235/tools/bin/../lib/gcc/arm-none-eabi/11.3.1/../../../../arm-none-eabi/lib/thumb/v7e-m+fp/hard/libc_nano.a(libc_a-memset.o)
 .ARM.attributes
                0x0000000000000350       0x34 /opt/st/stm32cubeide_1.13.1/plugins/com.st.stm32cube.ide.mcu.externaltools.gnu-tools-for-stm32.11.3.rel1.linux64_1.1.100.202309141235/tools/bin/../lib/gcc/arm-none-eabi/11.3.1/../../../../arm-none-eabi/lib/thumb/v7e-m+fp/hard/libc_nano.a(libc_a-init.o)
 .ARM.attributes
                0x0000000000000384       0x1e /opt/st/stm32cubeide_1.13.1/plugins/com.st.stm32cube.ide.mcu.externaltools.gnu-tools-for-stm32.11.3.rel1.linux64_1.1.100.202309141235/tools/bin/../lib/gcc/arm-none-eabi/11.3.1/thumb/v7e-m+fp/hard/libgcc.a(_aeabi_uldivmod.o)
 .ARM.attributes
                0x00000000000003a2       0x34 /opt/st/stm32cubeide_1.13.1/plugins/com.st.stm32cube.ide.mcu.externaltools.gnu-tools-for-stm32.11.3.rel1.linux64_1.1.100.202309141235/tools/bin/../lib/gcc/arm-none-eabi/11.3.1/thumb/v7e-m+fp/hard/libgcc.a(_udivmoddi4.o)
 .ARM.attributes
                0x00000000000003d6       0x1e /opt/st/stm32cubeide_1.13.1/plugins/com.st.stm32cube.ide.mcu.externaltools.gnu-tools-for-stm32.11.3.rel1.linux64_1.1.100.202309141235/tools/bin/../lib/gcc/arm-none-eabi/11.3.1/thumb/v7e-m+fp/hard/libgcc.a(_dvmd_tls.o)
 .ARM.attributes
                0x00000000000003f4       0x1e /opt/st/stm32cubeide_1.13.1/plugins/com.st.stm32cube.ide.mcu.externaltools.gnu-tools-for-stm32.11.3.rel1.linux64_1.1.100.202309141235/tools/bin/../lib/gcc/arm-none-eabi/11.3.1/thumb/v7e-m+fp/hard/crtn.o
OUTPUT(Current_Inv_401_PWM.elf elf32-littlearm)
LOAD linker stubs
LOAD /opt/st/stm32cubeide_1.13.1/plugins/com.st.stm32cube.ide.mcu.externaltools.gnu-tools-for-stm32.11.3.rel1.linux64_1.1.100.202309141235/tools/bin/../lib/gcc/arm-none-eabi/11.3.1/../../../../arm-none-eabi/lib/thumb/v7e-m+fp/hard/libc.a
LOAD /opt/st/stm32cubeide_1.13.1/plugins/com.st.stm32cube.ide.mcu.externaltools.gnu-tools-for-stm32.11.3.rel1.linux64_1.1.100.202309141235/tools/bin/../lib/gcc/arm-none-eabi/11.3.1/../../../../arm-none-eabi/lib/thumb/v7e-m+fp/hard/libm.a
LOAD /opt/st/stm32cubeide_1.13.1/plugins/com.st.stm32cube.ide.mcu.externaltools.gnu-tools-for-stm32.11.3.rel1.linux64_1.1.100.202309141235/tools/bin/../lib/gcc/arm-none-eabi/11.3.1/thumb/v7e-m+fp/hard/libgcc.a

.comment        0x0000000000000000       0xb8
 .comment       0x0000000000000000       0x43 /opt/st/stm32cubeide_1.13.1/plugins/com.st.stm32cube.ide.mcu.externaltools.gnu-tools-for-stm32.11.3.rel1.linux64_1.1.100.202309141235/tools/bin/../lib/gcc/arm-none-eabi/11.3.1/thumb/v7e-m+fp/hard/crtbegin.o
                                         0x44 (size before relaxing)
 .comment       0x0000000000000043       0x44 ./Core/Src/main.o
 .comment       0x0000000000000043       0x44 ./Core/Src/stm32f4xx_hal_msp.o
 .comment       0x0000000000000043       0x44 ./Core/Src/stm32f4xx_it.o
 .comment       0x0000000000000043       0x44 ./Core/Src/system_stm32f4xx.o
 .comment       0x0000000000000043       0x44 ./Drivers/STM32F4xx_HAL_Driver/Src/stm32f4xx_hal.o
 .comment       0x0000000000000043       0x44 ./Drivers/STM32F4xx_HAL_Driver/Src/stm32f4xx_hal_cortex.o
 .comment       0x0000000000000043       0x44 ./Drivers/STM32F4xx_HAL_Driver/Src/stm32f4xx_hal_dma.o
 .comment       0x0000000000000043       0x44 ./Drivers/STM32F4xx_HAL_Driver/Src/stm32f4xx_hal_gpio.o
 .comment       0x0000000000000043       0x44 ./Drivers/STM32F4xx_HAL_Driver/Src/stm32f4xx_hal_rcc.o
 .comment       0x0000000000000043       0x44 ./Drivers/STM32F4xx_HAL_Driver/Src/stm32f4xx_hal_tim.o
 .comment       0x0000000000000043       0x44 ./Drivers/STM32F4xx_HAL_Driver/Src/stm32f4xx_hal_tim_ex.o
 .comment       0x0000000000000043       0x75 ../Middlewares/ST/ARM/DSP/Lib/libarm_cortexM4lf_math.a(arm_sin_f32.o)
                                         0x76 (size before relaxing)
 .comment       0x00000000000000b8       0x76 ../Middlewares/ST/ARM/DSP/Lib/libarm_cortexM4lf_math.a(arm_common_tables.o)

.debug_info     0x0000000000000000     0xc1bf
 .debug_info    0x0000000000000000     0x10a3 ./Core/Src/main.o
 .debug_info    0x00000000000010a3      0xaae ./Core/Src/stm32f4xx_hal_msp.o
 .debug_info    0x0000000000001b51      0x3bf ./Core/Src/stm32f4xx_it.o
 .debug_info    0x0000000000001f10      0x53e ./Core/Src/system_stm32f4xx.o
 .debug_info    0x000000000000244e       0x23 ./Core/Startup/startup_stm32f401ccux.o
 .debug_info    0x0000000000002471      0x8bb ./Drivers/STM32F4xx_HAL_Driver/Src/stm32f4xx_hal.o
 .debug_info    0x0000000000002d2c      0xcc1 ./Drivers/STM32F4xx_HAL_Driver/Src/stm32f4xx_hal_cortex.o
 .debug_info    0x00000000000039ed      0x8e6 ./Drivers/STM32F4xx_HAL_Driver/Src/stm32f4xx_hal_dma.o
 .debug_info    0x00000000000042d3      0x6f9 ./Drivers/STM32F4xx_HAL_Driver/Src/stm32f4xx_hal_gpio.o
 .debug_info    0x00000000000049cc      0x8f3 ./Drivers/STM32F4xx_HAL_Driver/Src/stm32f4xx_hal_rcc.o
 .debug_info    0x00000000000052bf     0x2996 ./Drivers/STM32F4xx_HAL_Driver/Src/stm32f4xx_hal_tim.o
 .debug_info    0x0000000000007c55     0x14d4 ./Drivers/STM32F4xx_HAL_Driver/Src/stm32f4xx_hal_tim_ex.o
 .debug_info    0x0000000000009129     0x1612 ../Middlewares/ST/ARM/DSP/Lib/libarm_cortexM4lf_math.a(arm_sin_f32.o)
 .debug_info    0x000000000000a73b     0x1a84 ../Middlewares/ST/ARM/DSP/Lib/libarm_cortexM4lf_math.a(arm_common_tables.o)

.debug_abbrev   0x0000000000000000     0x1c55
 .debug_abbrev  0x0000000000000000      0x2b7 ./Core/Src/main.o
 .debug_abbrev  0x00000000000002b7      0x1f4 ./Core/Src/stm32f4xx_hal_msp.o
 .debug_abbrev  0x00000000000004ab      0x138 ./Core/Src/stm32f4xx_it.o
 .debug_abbrev  0x00000000000005e3      0x11a ./Core/Src/system_stm32f4xx.o
 .debug_abbrev  0x00000000000006fd       0x12 ./Core/Startup/startup_stm32f401ccux.o
 .debug_abbrev  0x000000000000070f      0x24b ./Drivers/STM32F4xx_HAL_Driver/Src/stm32f4xx_hal.o
 .debug_abbrev  0x000000000000095a      0x328 ./Drivers/STM32F4xx_HAL_Driver/Src/stm32f4xx_hal_cortex.o
 .debug_abbrev  0x0000000000000c82      0x221 ./Drivers/STM32F4xx_HAL_Driver/Src/stm32f4xx_hal_dma.o
 .debug_abbrev  0x0000000000000ea3      0x1d3 ./Drivers/STM32F4xx_HAL_Driver/Src/stm32f4xx_hal_gpio.o
 .debug_abbrev  0x0000000000001076      0x2b5 ./Drivers/STM32F4xx_HAL_Driver/Src/stm32f4xx_hal_rcc.o
 .debug_abbrev  0x000000000000132b      0x28b ./Drivers/STM32F4xx_HAL_Driver/Src/stm32f4xx_hal_tim.o
 .debug_abbrev  0x00000000000015b6      0x296 ./Drivers/STM32F4xx_HAL_Driver/Src/stm32f4xx_hal_tim_ex.o
 .debug_abbrev  0x000000000000184c      0x22c ../Middlewares/ST/ARM/DSP/Lib/libarm_cortexM4lf_math.a(arm_sin_f32.o)
 .debug_abbrev  0x0000000000001a78      0x1dd ../Middlewares/ST/ARM/DSP/Lib/libarm_cortexM4lf_math.a(arm_common_tables.o)

.debug_aranges  0x0000000000000000      0xa28
 .debug_aranges
                0x0000000000000000       0x48 ./Core/Src/main.o
 .debug_aranges
                0x0000000000000048       0x38 ./Core/Src/stm32f4xx_hal_msp.o
 .debug_aranges
                0x0000000000000080       0x68 ./Core/Src/stm32f4xx_it.o
 .debug_aranges
                0x00000000000000e8       0x28 ./Core/Src/system_stm32f4xx.o
 .debug_aranges
                0x0000000000000110       0x28 ./Core/Startup/startup_stm32f401ccux.o
 .debug_aranges
                0x0000000000000138       0xf0 ./Drivers/STM32F4xx_HAL_Driver/Src/stm32f4xx_hal.o
 .debug_aranges
                0x0000000000000228      0x120 ./Drivers/STM32F4xx_HAL_Driver/Src/stm32f4xx_hal_cortex.o
 .debug_aranges
                0x0000000000000348       0x90 ./Drivers/STM32F4xx_HAL_Driver/Src/stm32f4xx_hal_dma.o
 .debug_aranges
                0x00000000000003d8       0x58 ./Drivers/STM32F4xx_HAL_Driver/Src/stm32f4xx_hal_gpio.o
 .debug_aranges
                0x0000000000000430       0x88 ./Drivers/STM32F4xx_HAL_Driver/Src/stm32f4xx_hal_rcc.o
 .debug_aranges
                0x00000000000004b8      0x3d0 ./Drivers/STM32F4xx_HAL_Driver/Src/stm32f4xx_hal_tim.o
 .debug_aranges
                0x0000000000000888      0x168 ./Drivers/STM32F4xx_HAL_Driver/Src/stm32f4xx_hal_tim_ex.o
 .debug_aranges
                0x00000000000009f0       0x20 ../Middlewares/ST/ARM/DSP/Lib/libarm_cortexM4lf_math.a(arm_sin_f32.o)
 .debug_aranges
                0x0000000000000a10       0x18 ../Middlewares/ST/ARM/DSP/Lib/libarm_cortexM4lf_math.a(arm_common_tables.o)

.debug_rnglists
                0x0000000000000000      0x7ad
 .debug_rnglists
                0x0000000000000000       0x34 ./Core/Src/main.o
 .debug_rnglists
                0x0000000000000034       0x26 ./Core/Src/stm32f4xx_hal_msp.o
 .debug_rnglists
                0x000000000000005a       0x49 ./Core/Src/stm32f4xx_it.o
 .debug_rnglists
                0x00000000000000a3       0x1a ./Core/Src/system_stm32f4xx.o
 .debug_rnglists
                0x00000000000000bd       0x19 ./Core/Startup/startup_stm32f401ccux.o
 .debug_rnglists
                0x00000000000000d6       0xaf ./Drivers/STM32F4xx_HAL_Driver/Src/stm32f4xx_hal.o
 .debug_rnglists
                0x0000000000000185       0xd4 ./Drivers/STM32F4xx_HAL_Driver/Src/stm32f4xx_hal_cortex.o
 .debug_rnglists
                0x0000000000000259       0x70 ./Drivers/STM32F4xx_HAL_Driver/Src/stm32f4xx_hal_dma.o
 .debug_rnglists
                0x00000000000002c9       0x3f ./Drivers/STM32F4xx_HAL_Driver/Src/stm32f4xx_hal_gpio.o
 .debug_rnglists
                0x0000000000000308       0x66 ./Drivers/STM32F4xx_HAL_Driver/Src/stm32f4xx_hal_rcc.o
 .debug_rnglists
                0x000000000000036e      0x31a ./Drivers/STM32F4xx_HAL_Driver/Src/stm32f4xx_hal_tim.o
 .debug_rnglists
                0x0000000000000688      0x125 ./Drivers/STM32F4xx_HAL_Driver/Src/stm32f4xx_hal_tim_ex.o

.debug_macro    0x0000000000000000    0x15c74
 .debug_macro   0x0000000000000000      0x2c9 ./Core/Src/main.o
 .debug_macro   0x00000000000002c9      0xaae ./Core/Src/main.o
 .debug_macro   0x0000000000000d77      0x295 ./Core/Src/main.o
 .debug_macro   0x000000000000100c       0x2e ./Core/Src/main.o
 .debug_macro   0x000000000000103a       0x28 ./Core/Src/main.o
 .debug_macro   0x0000000000001062       0x22 ./Core/Src/main.o
 .debug_macro   0x0000000000001084       0x8e ./Core/Src/main.o
 .debug_macro   0x0000000000001112       0x51 ./Core/Src/main.o
 .debug_macro   0x0000000000001163      0x103 ./Core/Src/main.o
 .debug_macro   0x0000000000001266       0x6a ./Core/Src/main.o
 .debug_macro   0x00000000000012d0      0x1df ./Core/Src/main.o
 .debug_macro   0x00000000000014af       0x1c ./Core/Src/main.o
 .debug_macro   0x00000000000014cb       0x22 ./Core/Src/main.o
 .debug_macro   0x00000000000014ed       0xfb ./Core/Src/main.o
 .debug_macro   0x00000000000015e8     0x1011 ./Core/Src/main.o
 .debug_macro   0x00000000000025f9      0x11f ./Core/Src/main.o
 .debug_macro   0x0000000000002718     0xb86c ./Core/Src/main.o
 .debug_macro   0x000000000000df84       0x6d ./Core/Src/main.o
 .debug_macro   0x000000000000dff1     0x368c ./Core/Src/main.o
 .debug_macro   0x000000000001167d      0x174 ./Core/Src/main.o
 .debug_macro   0x00000000000117f1       0x5c ./Core/Src/main.o
 .debug_macro   0x000000000001184d      0x416 ./Core/Src/main.o
 .debug_macro   0x0000000000011c63      0x9e9 ./Core/Src/main.o
 .debug_macro   0x000000000001264c      0x115 ./Core/Src/main.o
 .debug_macro   0x0000000000012761       0xf8 ./Core/Src/main.o
 .debug_macro   0x0000000000012859       0xa5 ./Core/Src/main.o
 .debug_macro   0x00000000000128fe      0x15f ./Core/Src/main.o
 .debug_macro   0x0000000000012a5d      0x287 ./Core/Src/main.o
 .debug_macro   0x0000000000012ce4       0x5f ./Core/Src/main.o
 .debug_macro   0x0000000000012d43      0x236 ./Core/Src/main.o
 .debug_macro   0x0000000000012f79      0x132 ./Core/Src/main.o
 .debug_macro   0x00000000000130ab      0x23a ./Core/Src/main.o
 .debug_macro   0x00000000000132e5       0x2e ./Core/Src/main.o
 .debug_macro   0x0000000000013313      0x127 ./Core/Src/main.o
 .debug_macro   0x000000000001343a       0x85 ./Core/Src/main.o
 .debug_macro   0x00000000000134bf       0x89 ./Core/Src/main.o
 .debug_macro   0x0000000000013548      0x8ed ./Core/Src/main.o
 .debug_macro   0x0000000000013e35       0x47 ./Core/Src/main.o
 .debug_macro   0x0000000000013e7c      0x126 ./Core/Src/main.o
 .debug_macro   0x0000000000013fa2       0x12 ./Core/Src/main.o
 .debug_macro   0x0000000000013fb4       0x12 ./Core/Src/main.o
 .debug_macro   0x0000000000013fc6       0x61 ./Core/Src/main.o
 .debug_macro   0x0000000000014027       0x2a ./Core/Src/main.o
 .debug_macro   0x0000000000014051       0x43 ./Core/Src/main.o
 .debug_macro   0x0000000000014094       0x34 ./Core/Src/main.o
 .debug_macro   0x00000000000140c8       0x16 ./Core/Src/main.o
 .debug_macro   0x00000000000140de       0x43 ./Core/Src/main.o
 .debug_macro   0x0000000000014121       0x34 ./Core/Src/main.o
 .debug_macro   0x0000000000014155       0x10 ./Core/Src/main.o
 .debug_macro   0x0000000000014165       0x58 ./Core/Src/main.o
 .debug_macro   0x00000000000141bd       0x8e ./Core/Src/main.o
 .debug_macro   0x000000000001424b       0x1c ./Core/Src/main.o
 .debug_macro   0x0000000000014267      0x177 ./Core/Src/main.o
 .debug_macro   0x00000000000143de      0x369 ./Core/Src/main.o
 .debug_macro   0x0000000000014747       0x10 ./Core/Src/main.o
 .debug_macro   0x0000000000014757       0x35 ./Core/Src/main.o
 .debug_macro   0x000000000001478c       0x20 ./Core/Src/main.o
 .debug_macro   0x00000000000147ac      0x19b ./Core/Src/main.o
 .debug_macro   0x0000000000014947       0xd6 ./Core/Src/main.o
 .debug_macro   0x0000000000014a1d      0x1ce ./Core/Src/stm32f4xx_hal_msp.o
 .debug_macro   0x0000000000014beb      0x1d8 ./Core/Src/stm32f4xx_it.o
 .debug_macro   0x0000000000014dc3      0x1c4 ./Core/Src/system_stm32f4xx.o
 .debug_macro   0x0000000000014f87      0x224 ./Drivers/STM32F4xx_HAL_Driver/Src/stm32f4xx_hal.o
 .debug_macro   0x00000000000151ab      0x1c4 ./Drivers/STM32F4xx_HAL_Driver/Src/stm32f4xx_hal_cortex.o
 .debug_macro   0x000000000001536f      0x1ca ./Drivers/STM32F4xx_HAL_Driver/Src/stm32f4xx_hal_dma.o
 .debug_macro   0x0000000000015539      0x1ca ./Drivers/STM32F4xx_HAL_Driver/Src/stm32f4xx_hal_gpio.o
 .debug_macro   0x0000000000015703      0x1e8 ./Drivers/STM32F4xx_HAL_Driver/Src/stm32f4xx_hal_rcc.o
 .debug_macro   0x00000000000158eb      0x1c5 ./Drivers/STM32F4xx_HAL_Driver/Src/stm32f4xx_hal_tim.o
 .debug_macro   0x0000000000015ab0      0x1c4 ./Drivers/STM32F4xx_HAL_Driver/Src/stm32f4xx_hal_tim_ex.o

.debug_line     0x0000000000000000     0xaec9
 .debug_line    0x0000000000000000      0xa4e ./Core/Src/main.o
 .debug_line    0x0000000000000a4e      0x70a ./Core/Src/stm32f4xx_hal_msp.o
 .debug_line    0x0000000000001158      0x756 ./Core/Src/stm32f4xx_it.o
 .debug_line    0x00000000000018ae      0x6fd ./Core/Src/system_stm32f4xx.o
 .debug_line    0x0000000000001fab       0x7a ./Core/Startup/startup_stm32f401ccux.o
 .debug_line    0x0000000000002025      0x963 ./Drivers/STM32F4xx_HAL_Driver/Src/stm32f4xx_hal.o
 .debug_line    0x0000000000002988      0xc2f ./Drivers/STM32F4xx_HAL_Driver/Src/stm32f4xx_hal_cortex.o
 .debug_line    0x00000000000035b7      0xec7 ./Drivers/STM32F4xx_HAL_Driver/Src/stm32f4xx_hal_dma.o
 .debug_line    0x000000000000447e      0xa9b ./Drivers/STM32F4xx_HAL_Driver/Src/stm32f4xx_hal_gpio.o
 .debug_line    0x0000000000004f19      0xcda ./Drivers/STM32F4xx_HAL_Driver/Src/stm32f4xx_hal_rcc.o
 .debug_line    0x0000000000005bf3     0x34c9 ./Drivers/STM32F4xx_HAL_Driver/Src/stm32f4xx_hal_tim.o
 .debug_line    0x00000000000090bc     0x18fa ./Drivers/STM32F4xx_HAL_Driver/Src/stm32f4xx_hal_tim_ex.o
 .debug_line    0x000000000000a9b6      0x2d0 ../Middlewares/ST/ARM/DSP/Lib/libarm_cortexM4lf_math.a(arm_sin_f32.o)
 .debug_line    0x000000000000ac86      0x243 ../Middlewares/ST/ARM/DSP/Lib/libarm_cortexM4lf_math.a(arm_common_tables.o)

.debug_str      0x0000000000000000    0x8be8c
 .debug_str     0x0000000000000000    0x88e1e ./Core/Src/main.o
                                      0x89198 (size before relaxing)
 .debug_str     0x0000000000088e1e       0xf9 ./Core/Src/stm32f4xx_hal_msp.o
                                      0x84b65 (size before relaxing)
 .debug_str     0x0000000000088f17       0xf4 ./Core/Src/stm32f4xx_it.o
                                      0x846f6 (size before relaxing)
 .debug_str     0x000000000008900b       0xdb ./Core/Src/system_stm32f4xx.o
                                      0x8459a (size before relaxing)
 .debug_str     0x00000000000890e6       0x34 ./Core/Startup/startup_stm32f401ccux.o
                                         0x77 (size before relaxing)
 .debug_str     0x000000000008911a      0x617 ./Drivers/STM32F4xx_HAL_Driver/Src/stm32f4xx_hal.o
                                      0x84fbc (size before relaxing)
 .debug_str     0x0000000000089731      0x353 ./Drivers/STM32F4xx_HAL_Driver/Src/stm32f4xx_hal_cortex.o
                                      0x84cf4 (size before relaxing)
 .debug_str     0x0000000000089a84      0x2f6 ./Drivers/STM32F4xx_HAL_Driver/Src/stm32f4xx_hal_dma.o
                                      0x849a2 (size before relaxing)
 .debug_str     0x0000000000089d7a      0x16d ./Drivers/STM32F4xx_HAL_Driver/Src/stm32f4xx_hal_gpio.o
                                      0x84715 (size before relaxing)
 .debug_str     0x0000000000089ee7      0x233 ./Drivers/STM32F4xx_HAL_Driver/Src/stm32f4xx_hal_rcc.o
                                      0x849ce (size before relaxing)
 .debug_str     0x000000000008a11a      0xd41 ./Drivers/STM32F4xx_HAL_Driver/Src/stm32f4xx_hal_tim.o
                                      0x85912 (size before relaxing)
 .debug_str     0x000000000008ae5b      0x3e1 ./Drivers/STM32F4xx_HAL_Driver/Src/stm32f4xx_hal_tim_ex.o
                                      0x8511e (size before relaxing)
 .debug_str     0x000000000008b23c      0xc22 ../Middlewares/ST/ARM/DSP/Lib/libarm_cortexM4lf_math.a(arm_sin_f32.o)
                                        0xd42 (size before relaxing)
 .debug_str     0x000000000008be5e       0x2e ../Middlewares/ST/ARM/DSP/Lib/libarm_cortexM4lf_math.a(arm_common_tables.o)
                                        0xd1d (size before relaxing)

.debug_frame    0x0000000000000000     0x2978
 .debug_frame   0x0000000000000000       0xe4 ./Core/Src/main.o
 .debug_frame   0x00000000000000e4       0xa4 ./Core/Src/stm32f4xx_hal_msp.o
 .debug_frame   0x0000000000000188      0x120 ./Core/Src/stm32f4xx_it.o
 .debug_frame   0x00000000000002a8       0x58 ./Core/Src/system_stm32f4xx.o
 .debug_frame   0x0000000000000300      0x374 ./Drivers/STM32F4xx_HAL_Driver/Src/stm32f4xx_hal.o
 .debug_frame   0x0000000000000674      0x4b8 ./Drivers/STM32F4xx_HAL_Driver/Src/stm32f4xx_hal_cortex.o
 .debug_frame   0x0000000000000b2c      0x250 ./Drivers/STM32F4xx_HAL_Driver/Src/stm32f4xx_hal_dma.o
 .debug_frame   0x0000000000000d7c      0x14c ./Drivers/STM32F4xx_HAL_Driver/Src/stm32f4xx_hal_gpio.o
 .debug_frame   0x0000000000000ec8      0x1f4 ./Drivers/STM32F4xx_HAL_Driver/Src/stm32f4xx_hal_rcc.o
 .debug_frame   0x00000000000010bc     0x11b8 ./Drivers/STM32F4xx_HAL_Driver/Src/stm32f4xx_hal_tim.o
 .debug_frame   0x0000000000002274      0x638 ./Drivers/STM32F4xx_HAL_Driver/Src/stm32f4xx_hal_tim_ex.o
 .debug_frame   0x00000000000028ac       0x20 ../Middlewares/ST/ARM/DSP/Lib/libarm_cortexM4lf_math.a(arm_sin_f32.o)
 .debug_frame   0x00000000000028cc       0x20 /opt/st/stm32cubeide_1.13.1/plugins/com.st.stm32cube.ide.mcu.externaltools.gnu-tools-for-stm32.11.3.rel1.linux64_1.1.100.202309141235/tools/bin/../lib/gcc/arm-none-eabi/11.3.1/../../../../arm-none-eabi/lib/thumb/v7e-m+fp/hard/libc_nano.a(libc_a-memset.o)
 .debug_frame   0x00000000000028ec       0x2c /opt/st/stm32cubeide_1.13.1/plugins/com.st.stm32cube.ide.mcu.externaltools.gnu-tools-for-stm32.11.3.rel1.linux64_1.1.100.202309141235/tools/bin/../lib/gcc/arm-none-eabi/11.3.1/../../../../arm-none-eabi/lib/thumb/v7e-m+fp/hard/libc_nano.a(libc_a-init.o)
 .debug_frame   0x0000000000002918       0x2c /opt/st/stm32cubeide_1.13.1/plugins/com.st.stm32cube.ide.mcu.externaltools.gnu-tools-for-stm32.11.3.rel1.linux64_1.1.100.202309141235/tools/bin/../lib/gcc/arm-none-eabi/11.3.1/thumb/v7e-m+fp/hard/libgcc.a(_aeabi_uldivmod.o)
 .debug_frame   0x0000000000002944       0x34 /opt/st/stm32cubeide_1.13.1/plugins/com.st.stm32cube.ide.mcu.externaltools.gnu-tools-for-stm32.11.3.rel1.linux64_1.1.100.202309141235/tools/bin/../lib/gcc/arm-none-eabi/11.3.1/thumb/v7e-m+fp/hard/libgcc.a(_udivmoddi4.o)

.debug_line_str
                0x0000000000000000       0x6b
 .debug_line_str
                0x0000000000000000       0x6b ./Core/Startup/startup_stm32f401ccux.o
                                         0x83 (size before relaxing)

.debug_loc      0x0000000000000000       0xfa
 .debug_loc     0x0000000000000000       0xfa ../Middlewares/ST/ARM/DSP/Lib/libarm_cortexM4lf_math.a(arm_sin_f32.o)

.debug_ranges   0x0000000000000000       0x10
 .debug_ranges  0x0000000000000000       0x10 ../Middlewares/ST/ARM/DSP/Lib/libarm_cortexM4lf_math.a(arm_sin_f32.o)
