../Drivers/CMSIS/Include/core_cm0plus.h:832:22:__NVIC_ClearPendingIRQ	16	static
../Core/Src/main.c:90:5:main	8	static
../Core/Src/main.c:165:6:SystemClock_Config	88	static
../Core/Src/main.c:212:13:MX_ADC1_Init	24	static
../Core/Src/main.c:281:13:MX_DMA_Init	16	static
../Core/Src/main.c:299:13:MX_GPIO_Init	48	static
../Core/Src/main.c:353:13:HAL_GPIO_EXTI_Falling_Callback	24	static,ignoring_inline_asm
../Core/Src/main.c:390:6:HAL_ADC_ConvCpltCallback	24	static
../Core/Src/main.c:415:6:Error_Handler	8	static,ignoring_inline_asm
